warning : Unused identifier y declared at line 1 

